Prisma schema loaded from prisma/schema.prisma
Datasource "db": PostgreSQL database "zenjev_demo", schema "public" at "127.0.0.1:55432"

5 migrations found in prisma/migrations

Applying migration `202609190001_initial`
Applying migration `202609190002_audit_append_only`
Applying migration `202609190003_backlink_parent`
Applying migration `202609190004_export_rate`
Applying migration `202609190005_configurable_policy`

┌─────────────────────────────────────────────────────────┐
│  Update available 6.19.3 -> 8.0.0-rc.15                 │
│                                                         │
│  This is a major update - please follow the guide at    │
│  https://pris.ly/d/major-version-upgrade                │
│                                                         │
│  Run the following to update                            │
│    npm i --save-dev prisma@latest                       │
│    npm i @prisma/client@latest                          │
└─────────────────────────────────────────────────────────┘
The following migration(s) have been applied:

migrations/
  └─ 202609190001_initial/
    └─ migration.sql
  └─ 202609190002_audit_append_only/
    └─ migration.sql
  └─ 202609190003_backlink_parent/
    └─ migration.sql
  └─ 202609190004_export_rate/
    └─ migration.sql
  └─ 202609190005_configurable_policy/
    └─ migration.sql
      
All migrations have been successfully applied.
