
Running 2 tests using 1 worker

  ✘  1 [chromium] › tests/browser/auth.spec.ts:100:1 › A-11: real reviewer login enforces session cookies, CSRF, admin boundary and logout on synthetic data (895ms)
  -  2 [chromium] › tests/browser/auth.spec.ts:144:1 › A-11: real viewer login can read synthetic tickets but cannot mutate or configure


  1) [chromium] › tests/browser/auth.spec.ts:100:1 › A-11: real reviewer login enforces session cookies, CSRF, admin boundary and logout on synthetic data 

    Error: expect(received).toBe(expected) // Object.is equality

    Expected: 200
    Received: 403

      48 |     page.getByRole('button', { name: 'Sign in', exact: true }).click(),
      49 |   ]);
    > 50 |   expect(login.status()).toBe(200);
         |                          ^
      51 |   await expect(page).toHaveURL('http://127.0.0.1:3001/tickets');
      52 |   await expect(page.locator('tbody tr')).toHaveCount(15);
      53 |   const current = await browserRequest(page, '/api/auth/me');
        at signIn (/home/runner/work/ZenJev/ZenJev/ZenJev/tests/browser/auth.spec.ts:50:26)
        at /home/runner/work/ZenJev/ZenJev/ZenJev/tests/browser/auth.spec.ts:102:17

    Error Context: ../../../../../../tmp/wringer-native-artifacts-RDfP5f/playwright/auth-A-11-real-reviewer-lo-37b02-nd-logout-on-synthetic-data-chromium/error-context.md

    Error Context: ../../../../../../tmp/wringer-native-artifacts-RDfP5f/playwright/auth-A-11-real-reviewer-lo-37b02-nd-logout-on-synthetic-data-chromium/error-context.md

  1 failed
    [chromium] › tests/browser/auth.spec.ts:100:1 › A-11: real reviewer login enforces session cookies, CSRF, admin boundary and logout on synthetic data 
  1 did not run
